// Jest Snapshot v1, https://goo.gl/fbAQLP

exports[`<Loader /> #render 1`] = `
<div
  className="loader-wrapper"
>
  <div
    className="loader-wrapper__loader"
  >
    <div
      className="sk-spinner sk-folding-cube"
    >
      <div />
      <div />
      <div />
      <div />
    </div>
    Loading...
  </div>
</div>
`;
